
==========================================================
The output of the size tool: (e.g. arm-none-ambi-size.exe)
==========================================================

zwave_soc_multilevel_sensor.out  :
section                     size         addr
.vectors                   0x170    0x8006000
.stack                    0x1000   0x20000000
.bss                      0x8bc0   0x20001000
text_application_ram       0x1c0   0x20009bc0
.rodata                    0x2f8    0x8006330
.text                    0x37300    0x8006630
.ARM.exidx                   0x8    0x803d930
.copy.table                  0xc    0x803d938
.zero.table                  0x0    0x803d944
.data                      0x450   0x20009d80
.memory_manager_heap         0x0   0x2000a1d0
.internal_storage        0x30000    0x803dd94
.zwave_nvm                   0x0    0x806dd94
.nvm                      0x8000    0x806dd94
.ARM.attributes             0x36          0x0
.comment                    0x45          0x0
.debug_line_str            0x29a          0x0
.debug_frame             0x12594          0x0
.debug_info             0xde5690          0x0
.debug_abbrev            0x29c1b          0x0
.debug_aranges            0x6c40          0x0
.debug_rnglists           0x54ae          0x0
.debug_line              0x810bd          0x0
.debug_str               0x9a497          0x0
.debug_loclists          0x2e2c2          0x0
.debug_loc               0x28c6e          0x0
.debug_ranges             0x46b8          0x0
Total                  0x101e0ca

The calculated FLASH and SRAM usage summary:
============================================
FLASH used as program memory:  (Including only the sections: .text, .ARM.exidx, .data, _cc_handlers_v3)
   228300
FLASH used for storage: (Including only the sections: .zwavenvm, .simee, .nvm, .zwave_nvm)
   32768
SRAM usage:             (Including only the sections: .data, .bss, .heap (limited to 2048 per sl_memory_config.h), .stack_dummy, .reset_info)
   41424

