
==========================================================
The output of the size tool: (e.g. arm-none-ambi-size.exe)
==========================================================

zwave_ncp_serial_api_controller.out  :
section                    size         addr
.vectors                  0x17c    0x8006000
.stack                    0x500   0x20000000
.bss                     0x8780   0x20000500
text_application_ram      0x1c0   0x20008c80
.rodata                   0x428    0x800633c
.text                   0x34278    0x8006770
.ARM.exidx                  0x8    0x803a9e8
.copy.table                 0xc    0x803a9f0
.zero.table                 0x0    0x803a9fc
.data                     0x3cc   0x20008e40
.memory_manager_heap        0x4   0x2000920c
.zwave_nvm                  0x0    0x803adc8
.nvm                     0xa000    0x803adc8
.ARM.attributes            0x36          0x0
.comment                   0x45          0x0
.debug_line_str           0x1b2          0x0
.debug_frame            0x10828          0x0
.debug_info            0x2a9538          0x0
.debug_abbrev           0x1d8f6          0x0
.debug_loclists         0x2022f          0x0
.debug_aranges           0x5d48          0x0
.debug_rnglists          0x3edd          0x0
.debug_line             0x6724e          0x0
.debug_str              0x93e23          0x0
.debug_loc              0x2c5cf          0x0
.debug_ranges            0x53a0          0x0
Total                  0x475af7

The calculated FLASH and SRAM usage summary:
============================================
FLASH used as program memory:  (Including only the sections: .text, .ARM.exidx, .data, _cc_handlers_v3)
   216060
FLASH used for storage: (Including only the sections: .zwavenvm, .simee, .nvm, .zwave_nvm)
   40960
SRAM usage:             (Including only the sections: .data, .bss, .heap (limited to 2048 per sl_memory_config.h), .stack_dummy, .reset_info)
   37392

