
==========================================================
The output of the size tool: (e.g. arm-none-ambi-size.exe)
==========================================================

zwave_soc_door_lock_keypad.out  :
section                     size         addr
.vectors                   0x170    0x8006000
.stack                    0x1000   0x20000000
.bss                      0x8c60   0x20001000
text_application_ram       0x1c0   0x20009c60
.rodata                    0x318    0x8006330
.text                    0x364ac    0x8006650
.ARM.exidx                   0x8    0x803cafc
.copy.table                  0xc    0x803cb04
.zero.table                  0x0    0x803cb10
.data                      0x43c   0x20009e20
.memory_manager_heap         0x4   0x2000a25c
.internal_storage        0x30000    0x803cf4c
.zwave_nvm                   0x0    0x806cf4c
.nvm                      0x8000    0x806cf4c
.ARM.attributes             0x36          0x0
.comment                    0x45          0x0
.debug_line_str            0x29a          0x0
.debug_frame             0x125b8          0x0
.debug_info             0xddd583          0x0
.debug_abbrev            0x28c86          0x0
.debug_loclists          0x2e9dc          0x0
.debug_aranges            0x6b80          0x0
.debug_rnglists           0x51b3          0x0
.debug_line              0x7f8a2          0x0
.debug_str               0x99068          0x0
.debug_loc               0x28c6e          0x0
.debug_ranges             0x46b8          0x0
Total                  0x10119bd

The calculated FLASH and SRAM usage summary:
============================================
FLASH used as program memory:  (Including only the sections: .text, .ARM.exidx, .data, _cc_handlers_v3)
   224644
FLASH used for storage: (Including only the sections: .zwavenvm, .simee, .nvm, .zwave_nvm)
   32768
SRAM usage:             (Including only the sections: .data, .bss, .heap (limited to 2048 per sl_memory_config.h), .stack_dummy, .reset_info)
   41568

