
==========================================================
The output of the size tool: (e.g. arm-none-ambi-size.exe)
==========================================================

zwave_soc_sensor_pir.out  :
section                    size         addr
.vectors                  0x170    0x8006000
.stack                   0x1000   0x20000000
.bss                     0x8e20   0x20001000
text_application_ram      0x1c0   0x20009e20
.rodata                   0x2dc    0x8006330
.text                   0x366b4    0x8006610
.ARM.exidx                  0x8    0x803ccc4
.copy.table                 0xc    0x803cccc
.zero.table                 0x0    0x803ccd8
.data                     0x454   0x20009fe0
.memory_manager_heap        0x4   0x2000a434
.internal_storage       0x30000    0x803d12c
.zwave_nvm                  0x0    0x806d12c
.nvm                     0x8000    0x806d12c
.ARM.attributes            0x36          0x0
.comment                   0x45          0x0
.debug_line_str           0x29a          0x0
.debug_frame            0x12480          0x0
.debug_info            0xd7a852          0x0
.debug_abbrev           0x28d03          0x0
.debug_aranges           0x6af8          0x0
.debug_rnglists          0x51b8          0x0
.debug_line             0x80572          0x0
.debug_str              0x98860          0x0
.debug_loclists         0x2e93d          0x0
.debug_loc              0x28c6f          0x0
.debug_ranges            0x46b8          0x0
Total                  0xfaf31c

The calculated FLASH and SRAM usage summary:
============================================
FLASH used as program memory:  (Including only the sections: .text, .ARM.exidx, .data, _cc_handlers_v3)
   225128
FLASH used for storage: (Including only the sections: .zwavenvm, .simee, .nvm, .zwave_nvm)
   32768
SRAM usage:             (Including only the sections: .data, .bss, .heap (limited to 2048 per sl_memory_config.h), .stack_dummy, .reset_info)
   42040

